<html>
<body>
<pre>
<h1>µVision Build Log</h1>
<h2>Project:</h2>
C:\Users\Ajay Kumar\Desktop\Ajay\ARM\Practise_again\practise.uvproj
Project File Date:  11/12/2025

<h2>Output:</h2>
Build target 'Target 1'
compiling uart_peripheral.c...
linking...
Program Size: Code=1724 RO-data=16 RW-data=0 ZI-data=1256  
FromELF: creating hex file...
".\uart_peripheral.axf" - 0 Error(s), 0 Warning(s).
</pre>
</body>
</html>
ripheral.axf" - 1 Error(s), 0 Warning(s).
Target not created
_peripheral.c(55): warning:  #177-D: variable "ch" was declared but never referenced
        char ch[100];
uart_peripheral.c: 2 warnings, 1 error
".\uart_peripheral.axf" - 1 Error(s), 2 Warning(s).
Target not created
(by kpm.o and uart_bitbang.o).
.\uart_tx.axf: Error: L6200E: Symbol init_lcd multiply defined (by kpm.o and uart_bitbang.o).
.\uart_tx.axf: Error: L6200E: Symbol char_lcd multiply defined (by kpm.o and uart_bitbang.o).
.\uart_tx.axf: Error: L6200E: Symbol int_lcd multiply defined (by kpm.o and uart_bitbang.o).
.\uart_tx.axf: Error: L6200E: Symbol build_cgram multiply defined (by kpm.o and uart_bitbang.o).
.\uart_tx.axf: Error: L6200E: Symbol init_kpm multiply defined (by kpm.o and uart_bitbang.o).
.\uart_tx.axf: Error: L6200E: Symbol colscan multiply defined (by kpm.o and uart_bitbang.o).
.\uart_tx.axf: Error: L6200E: Symbol rowcheck multiply defined (by kpm.o and uart_bitbang.o).
.\uart_tx.axf: Error: L6200E: Symbol colcheck multiply defined (by kpm.o and uart_bitbang.o).
.\uart_tx.axf: Error: L6200E: Symbol keyscan multiply defined (by kpm.o and uart_bitbang.o).
.\uart_tx.axf: Error: L6200E: Symbol readnum multiply defined (by kpm.o and uart_bitbang.o).
Not enough information to list image symbols.
Not enough information to list the image map.
Finished: 2 information, 0 warning and 15 error messages.
".\uart_tx.axf" - 15 Error(s), 0 Warning(s).
Target not created
