<html>
<body>
<pre>
<h1>µVision Build Log</h1>
<h2>Project:</h2>
C:\Users\Ajay Kumar\Desktop\Ajay\ARM\Practise_again\practise.uvproj
Project File Date:  11/12/2025

<h2>Output:</h2>
Build target 'Target 1'
compiling interrupt.c...
linking...
Program Size: Code=1768 RO-data=16 RW-data=0 ZI-data=1256  
FromELF: creating hex file...
".\interrupt.axf" - 0 Error(s), 0 Warning(s).
</pre>
</body>
</html>

=1256  
FromELF: creating hex file...
".\interrupt.axf" - 0 Error(s), 1 Warning(s).
