<html>
<body>
<pre>
<h1>µVision Build Log</h1>
<h2>Project:</h2>
C:\Users\Ajay Kumar\Desktop\Ajay\ARM\Practise_again\practise.uvproj
Project File Date:  11/11/2025

<h2>Output:</h2>
Build target 'Target 1'
compiling kpm.c...
linking...
Program Size: Code=2072 RO-data=32 RW-data=16 ZI-data=1256  
FromELF: creating hex file...
".\kpm.axf" - 0 Error(s), 0 Warning(s).
</pre>
</body>
</html>
, 0 Warning(s).
Target not created
ror: L6200E: Symbol writelcd multiply defined (by kpm.o and lcd.o).
.\kpm.axf: Error: L6200E: Symbol cmdlcd multiply defined (by kpm.o and lcd.o).
.\kpm.axf: Error: L6200E: Symbol init_lcd multiply defined (by kpm.o and lcd.o).
.\kpm.axf: Error: L6200E: Symbol char_lcd multiply defined (by kpm.o and lcd.o).
.\kpm.axf: Error: L6200E: Symbol build_cgram multiply defined (by kpm.o and lcd.o).
Not enough information to list image symbols.
Not enough information to list the image map.
Finished: 2 information, 0 warning and 7 error messages.
".\kpm.axf" - 7 Error(s), 0 Warning(s).
Target not created
