<html>
<body>
<pre>
<h1>µVision Build Log</h1>
<h2>Project:</h2>
C:\Users\Ajay Kumar\Desktop\Ajay\ARM\Practise_again\practise.uvproj
Project File Date:  11/13/2025

<h2>Output:</h2>
Build target 'Target 1'
linking...
Program Size: Code=2372 RO-data=16 RW-data=0 ZI-data=1264  
FromELF: creating hex file...
".\i2c_write_bb.axf" - 0 Error(s), 0 Warning(s).
</pre>
</body>
</html>
Code=2364 RO-data=16 RW-data=0 ZI-data=1264  
FromELF: creating hex file...
".\i2c_write_bb.axf" - 0 Error(s), 1 Warning(s).
