<html>
<body>
<pre>
<h1>µVision Build Log</h1>
<h2>Project:</h2>
E:\v24he11a13\Can_Project\fuel_node.uvproj
Project File Date:  12/10/2025

<h2>Output:</h2>
Build target 'Target 1'
compiling pin_connect_block.c...
compiling adc.c...
compiling can.c...
compiling delay.c...
compiling ds18b20.c...
compiling Fuel_node.c...
Fuel_node.c(47): error:  #20: identifier "ADC_CH0" is undefined
Fuel_node.c:               volt = Read_ADC(ADC_CH0);
Fuel_node.c:                               ^
Fuel_node.c: Fuel_node.c: 0 warnings, 1 error
compiling lcd.c...
Target not created
Build target 'Target 1'
compiling Fuel_node.c...
can_defines.h(5): warning:  #47-D: incompatible redefinition of macro "PCLK" (declared at line 8 of "adc_defines.h")
can_defines.h:   #define PCLK        60000000UL   // Hz
can_defines.h:           ^
can_defines.h: Fuel_node.c: 1 warning, 0 errors
linking...
Program Size: Code=3044 RO-data=32 RW-data=4 ZI-data=1276  
FromELF: creating hex file...
"fuel_node.axf" - 0 Error(s), 1 Warning(s).
Build target 'Target 1'
linking...
Program Size: Code=3044 RO-data=32 RW-data=4 ZI-data=1276  
FromELF: creating hex file...
"fuel_node.axf" - 0 Error(s), 0 Warning(s).
Build target 'Target 1'
compiling Fuel_node.c...
can_defines.h(5): warning:  #47-D: incompatible redefinition of macro "PCLK" (declared at line 8 of "adc_defines.h")
can_defines.h:   #define PCLK        60000000UL   // Hz
can_defines.h:           ^
Fuel_node.c(63): error:  #20: identifier "GOTO_LINE1_POS0" is undefined
Fuel_node.c:                    CmdLCD(GOTO_LINE1_POS0);
Fuel_node.c:                           ^
Fuel_node.c: Fuel_node.c: 1 warning, 1 error
Target not created
Build target 'Target 1'
compiling Fuel_node.c...
can_defines.h(5): warning:  #47-D: incompatible redefinition of macro "PCLK" (declared at line 8 of "adc_defines.h")
can_defines.h:   #define PCLK        60000000UL   // Hz
can_defines.h:           ^
can_defines.h: Fuel_node.c: 1 warning, 0 errors
linking...
Program Size: Code=4400 RO-data=72 RW-data=4 ZI-data=1276  
FromELF: creating hex file...
"fuel_node.axf" - 0 Error(s), 1 Warning(s).
Build target 'Target 1'
compiling Fuel_node.c...
Fuel_node.c(51): error:  #20: identifier "ADC_CH0" is undefined
Fuel_node.c:               volt = Read_ADC(ADC_CH0);
Fuel_node.c:                               ^
Fuel_node.c: Fuel_node.c: 0 warnings, 1 error
Target not created
Build target 'Target 1'
compiling Fuel_node.c...
linking...
Program Size: Code=4400 RO-data=72 RW-data=4 ZI-data=1276  
FromELF: creating hex file...
"fuel_node.axf" - 0 Error(s), 0 Warning(s).
Build target 'Target 1'
compiling Fuel_node.c...
linking...
Program Size: Code=4300 RO-data=72 RW-data=4 ZI-data=1260  
FromELF: creating hex file...
"fuel_node.axf" - 0 Error(s), 0 Warning(s).
