Build target 'Target 1'
assembling Startup.s...
compiling pin_connect_block.c...
compiling adc.c...
compiling can.c...
compiling delay.c...
compiling ds18b20.c...
compiling lcd.c...
compiling Main_node.c...
Main_node.c(49): error:  #20: identifier "CLEAR_LCD" is undefined
Main_node.c:       CmdLCD(CLEAR_LCD);
Main_node.c:              ^
Main_node.c: Main_node.c: 0 warnings, 1 error
Target not created
Build target 'Target 1'
compiling Main_node.c...
Main_node.c(49): error:  #20: identifier "CLEAR_LCD" is undefined
Main_node.c:       CmdLCD(CLEAR_LCD);
Main_node.c:              ^
Main_node.c: Main_node.c: 0 warnings, 1 error
Target not created
Build target 'Target 1'
compiling Main_node.c...
linking...
Program Size: Code=3800 RO-data=72 RW-data=4 ZI-data=1292  
FromELF: creating hex file...
"main_node.axf" - 0 Error(s), 0 Warning(s).
