ARM Linker, 4.1 [Build 481] [Evaluation]

==============================================================================

Section Cross References

    startup.o(STACK) refers (Special) to heapauxi.o(.text) for __use_two_region_memory
    startup.o(HEAP) refers (Special) to heapauxi.o(.text) for __use_two_region_memory
    startup.o(RESET) refers (Special) to heapauxi.o(.text) for __use_two_region_memory
    startup.o(RESET) refers to startup.o(STACK) for Stack_Top
    startup.o(RESET) refers to __main.o(!!!main) for __main
    startup.o(.text) refers (Special) to heapauxi.o(.text) for __use_two_region_memory
    startup.o(.text) refers to startup.o(HEAP) for Heap_Mem
    startup.o(.text) refers to startup.o(STACK) for Stack_Mem
    adc.o(.text) refers to pin_connect_block.o(.text) for CfgPortPinFunc
    adc.o(.text) refers to delay.o(.text) for delay_us
    adc.o(.text) refers to fflt_noclz.o(x$fpl$ffltu) for __aeabi_ui2f
    adc.o(.text) refers to fmul.o(x$fpl$fmul) for __aeabi_fmul
    adc.o(.text) refers to fdiv.o(x$fpl$fdiv) for __aeabi_fdiv
    ds18b20.o(.text) refers to delay.o(.text) for delay_us
    lcd.o(.text) refers to delay.o(.text) for delay_us
    lcd.o(.text) refers to aeabi_sdiv.o(.text_udiv) for __aeabi_uidivmod
    lcd.o(.text) refers to aeabi_sdiv.o(.text) for __aeabi_idivmod
    lcd.o(.text) refers to lcd.o(.constdata) for bar0
    main_node.o(.text) refers to lcd.o(.text) for Init_LCD
    main_node.o(.text) refers to ds18b20.o(.text) for Init_DS18B20
    main_node.o(.text) refers to can.o(.text) for Init_CAN1
    main_node.o(.text) refers to delay.o(.text) for delay_ms
    main_node.o(.text) refers to main_node.o(.data) for indicator_flag
    main_node.o(.text) refers to main_node.o(.bss) for rxFrame
    aeabi_sdiv.o(.text_udiv) refers to aeabi_sdiv.o(.text) for __arm_div2
    aeabi_sdiv_div0.o(.text_udiv) refers to aeabi_sdiv_div0.o(.text) for __arm_div2
    __main.o(!!!main) refers to rtentry.o(.ARM.Collect$$rtentry$$00000000) for __rt_entry
    fdiv.o(x$fpl$frdiv) refers (Special) to usenofp.o(x$fpl$usenofp) for __I$use$fp
    fdiv.o(x$fpl$frdiv) refers to fdiv.o(x$fpl$fdiv) for _fdiv1
    fdiv.o(x$fpl$fdiv) refers (Special) to usenofp.o(x$fpl$usenofp) for __I$use$fp
    fdiv.o(x$fpl$fdiv) refers to fretinf.o(x$fpl$fretinf) for __fpl_fretinf
    fdiv.o(x$fpl$fdiv) refers to fnaninf.o(x$fpl$fnaninf) for __fpl_fnaninf
    fflt_noclz.o(x$fpl$ffltu) refers (Special) to usenofp.o(x$fpl$usenofp) for __I$use$fp
    fflt_noclz.o(x$fpl$ffltu) refers to fflt_noclz.o(x$fpl$fflt) for __fflt_normalise
    fflt_noclz.o(x$fpl$fflt) refers (Special) to usenofp.o(x$fpl$usenofp) for __I$use$fp
    fmul.o(x$fpl$fmul) refers (Special) to usenofp.o(x$fpl$usenofp) for __I$use$fp
    fmul.o(x$fpl$fmul) refers to fretinf.o(x$fpl$fretinf) for __fpl_fretinf
    fmul.o(x$fpl$fmul) refers to fnaninf.o(x$fpl$fnaninf) for __fpl_fnaninf
    rtentry.o(.ARM.Collect$$rtentry$$00000000) refers (Special) to rtentry2.o(.ARM.Collect$$rtentry$$0000000A) for __rt_entry_li
    rtentry.o(.ARM.Collect$$rtentry$$00000000) refers (Special) to rtentry2.o(.ARM.Collect$$rtentry$$0000000D) for __rt_entry_main
    rtentry.o(.ARM.Collect$$rtentry$$00000000) refers (Special) to rtentry2.o(.ARM.Collect$$rtentry$$0000000C) for __rt_entry_postli_1
    rtentry.o(.ARM.Collect$$rtentry$$00000000) refers (Special) to rtentry2.o(.ARM.Collect$$rtentry$$00000009) for __rt_entry_postsh_1
    rtentry.o(.ARM.Collect$$rtentry$$00000000) refers (Special) to rtentry2.o(.ARM.Collect$$rtentry$$00000002) for __rt_entry_presh_1
    rtentry.o(.ARM.Collect$$rtentry$$00000000) refers (Special) to rtentry4.o(.ARM.Collect$$rtentry$$00000004) for __rt_entry_sh
    rtentry.o(.ARM.exidx) refers (Special) to rtentry2.o(.ARM.Collect$$rtentry$$0000000A) for __rt_entry_li
    rtentry.o(.ARM.exidx) refers (Special) to rtentry2.o(.ARM.Collect$$rtentry$$0000000D) for __rt_entry_main
    rtentry.o(.ARM.exidx) refers (Special) to rtentry2.o(.ARM.Collect$$rtentry$$0000000C) for __rt_entry_postli_1
    rtentry.o(.ARM.exidx) refers (Special) to rtentry2.o(.ARM.Collect$$rtentry$$00000009) for __rt_entry_postsh_1
    rtentry.o(.ARM.exidx) refers (Special) to rtentry2.o(.ARM.Collect$$rtentry$$00000002) for __rt_entry_presh_1
    rtentry.o(.ARM.exidx) refers (Special) to rtentry4.o(.ARM.Collect$$rtentry$$00000004) for __rt_entry_sh
    rtentry.o(.ARM.exidx) refers to rtentry.o(.ARM.Collect$$rtentry$$00000000) for .ARM.Collect$$rtentry$$00000000
    aeabi_idiv0_sigfpe.o(.text) refers to rt_div0.o(.text) for __rt_div0
    fnaninf.o(x$fpl$fnaninf) refers (Special) to usenofp.o(x$fpl$usenofp) for __I$use$fp
    fretinf.o(x$fpl$fretinf) refers (Special) to usenofp.o(x$fpl$usenofp) for __I$use$fp
    rtentry2.o(.ARM.Collect$$rtentry$$00000008) refers to boardinit2.o(.text) for _platform_post_stackheap_init
    rtentry2.o(.ARM.Collect$$rtentry$$0000000A) refers to libinit.o(.ARM.Collect$$libinit$$00000000) for __rt_lib_init
    rtentry2.o(.ARM.Collect$$rtentry$$0000000B) refers to boardinit3.o(.text) for _platform_post_lib_init
    rtentry2.o(.ARM.Collect$$rtentry$$0000000D) refers to exit.o(.text) for exit
    rtentry2.o(.ARM.Collect$$rtentry$$0000000D) refers to main_node.o(.text) for main
    rtentry2.o(.ARM.exidx) refers to rtentry2.o(.ARM.Collect$$rtentry$$00000001) for .ARM.Collect$$rtentry$$00000001
    rtentry2.o(.ARM.exidx) refers to rtentry2.o(.ARM.Collect$$rtentry$$00000002) for .ARM.Collect$$rtentry$$00000002
    rtentry2.o(.ARM.exidx) refers to rtentry2.o(.ARM.Collect$$rtentry$$00000008) for .ARM.Collect$$rtentry$$00000008
    rtentry2.o(.ARM.exidx) refers to rtentry2.o(.ARM.Collect$$rtentry$$00000009) for .ARM.Collect$$rtentry$$00000009
    rtentry2.o(.ARM.exidx) refers to rtentry2.o(.ARM.Collect$$rtentry$$0000000A) for .ARM.Collect$$rtentry$$0000000A
    rtentry2.o(.ARM.exidx) refers to rtentry2.o(.ARM.Collect$$rtentry$$0000000B) for .ARM.Collect$$rtentry$$0000000B
    rtentry2.o(.ARM.exidx) refers to rtentry2.o(.ARM.Collect$$rtentry$$0000000C) for .ARM.Collect$$rtentry$$0000000C
    rtentry2.o(.ARM.exidx) refers to rtentry2.o(.ARM.Collect$$rtentry$$0000000D) for .ARM.Collect$$rtentry$$0000000D
    rtentry4.o(.ARM.Collect$$rtentry$$00000004) refers to sys_stackheap_outer.o(.text) for __user_setup_stackheap
    rtentry4.o(.ARM.exidx) refers to rtentry4.o(.ARM.Collect$$rtentry$$00000004) for .ARM.Collect$$rtentry$$00000004
    rt_div0.o(.text) refers to defsig_fpe_outer.o(.text) for __rt_SIGFPE
    sys_stackheap_outer.o(.text) refers to libspace.o(.text) for __user_perproc_libspace
    sys_stackheap_outer.o(.text) refers to startup.o(.text) for __user_initial_stackheap
    exit.o(.text) refers to rtexit.o(.ARM.Collect$$rtexit$$00000000) for __rt_exit
    defsig_fpe_outer.o(.text) refers to defsig_fpe_inner.o(.text) for __rt_SIGFPE_inner
    defsig_fpe_outer.o(.text) refers to defsig_exit.o(.text) for __sig_exit
    defsig_fpe_formal.o(.text) refers to rt_raise.o(.text) for __rt_raise
    libinit.o(.ARM.Collect$$libinit$$00000000) refers (Special) to libinit2.o(.ARM.Collect$$libinit$$0000002A) for __rt_lib_init_alloca_1
    libinit.o(.ARM.Collect$$libinit$$00000000) refers (Special) to libinit2.o(.ARM.Collect$$libinit$$00000028) for __rt_lib_init_argv_1
    libinit.o(.ARM.Collect$$libinit$$00000000) refers (Special) to libinit2.o(.ARM.Collect$$libinit$$00000017) for __rt_lib_init_atexit_1
    libinit.o(.ARM.Collect$$libinit$$00000000) refers (Special) to libinit2.o(.ARM.Collect$$libinit$$0000001D) for __rt_lib_init_clock_1
    libinit.o(.ARM.Collect$$libinit$$00000000) refers (Special) to libinit2.o(.ARM.Collect$$libinit$$0000002E) for __rt_lib_init_cpp_1
    libinit.o(.ARM.Collect$$libinit$$00000000) refers (Special) to libinit2.o(.ARM.Collect$$libinit$$0000002C) for __rt_lib_init_exceptions_1
    libinit.o(.ARM.Collect$$libinit$$00000000) refers (Special) to libinit2.o(.ARM.Collect$$libinit$$0000001B) for __rt_lib_init_fp_trap_1
    libinit.o(.ARM.Collect$$libinit$$00000000) refers (Special) to libinit2.o(.ARM.Collect$$libinit$$0000001F) for __rt_lib_init_getenv_1
    libinit.o(.ARM.Collect$$libinit$$00000000) refers (Special) to libinit2.o(.ARM.Collect$$libinit$$00000006) for __rt_lib_init_heap_1
    libinit.o(.ARM.Collect$$libinit$$00000000) refers (Special) to libinit2.o(.ARM.Collect$$libinit$$0000000D) for __rt_lib_init_lc_collate_1
    libinit.o(.ARM.Collect$$libinit$$00000000) refers (Special) to libinit2.o(.ARM.Collect$$libinit$$0000000F) for __rt_lib_init_lc_ctype_1
    libinit.o(.ARM.Collect$$libinit$$00000000) refers (Special) to libinit2.o(.ARM.Collect$$libinit$$00000011) for __rt_lib_init_lc_monetary_1
    libinit.o(.ARM.Collect$$libinit$$00000000) refers (Special) to libinit2.o(.ARM.Collect$$libinit$$00000013) for __rt_lib_init_lc_numeric_1
    libinit.o(.ARM.Collect$$libinit$$00000000) refers (Special) to libinit2.o(.ARM.Collect$$libinit$$00000015) for __rt_lib_init_lc_time_1
    libinit.o(.ARM.Collect$$libinit$$00000000) refers (Special) to libinit2.o(.ARM.Collect$$libinit$$0000000A) for __rt_lib_init_rand_1
    libinit.o(.ARM.Collect$$libinit$$00000000) refers (Special) to libinit2.o(.ARM.Collect$$libinit$$0000002F) for __rt_lib_init_return
    libinit.o(.ARM.Collect$$libinit$$00000000) refers (Special) to libinit2.o(.ARM.Collect$$libinit$$00000019) for __rt_lib_init_signal_1
    libinit.o(.ARM.Collect$$libinit$$00000000) refers (Special) to libinit2.o(.ARM.Collect$$libinit$$00000021) for __rt_lib_init_stdio_1
    libinit.o(.ARM.Collect$$libinit$$00000000) refers (Special) to libinit2.o(.ARM.Collect$$libinit$$00000008) for __rt_lib_init_user_alloc_1
    libinit.o(.ARM.Collect$$libinit$$00000000) refers to fpinit.o(x$fpl$fpinit) for _fp_init
    libspace.o(.text) refers to libspace.o(.bss) for __libspace_start
    rtexit.o(.ARM.Collect$$rtexit$$00000000) refers (Special) to rtexit2.o(.ARM.Collect$$rtexit$$00000004) for __rt_exit_exit
    rtexit.o(.ARM.Collect$$rtexit$$00000000) refers (Special) to rtexit2.o(.ARM.Collect$$rtexit$$00000003) for __rt_exit_ls
    rtexit.o(.ARM.Collect$$rtexit$$00000000) refers (Special) to rtexit2.o(.ARM.Collect$$rtexit$$00000002) for __rt_exit_prels_1
    rtexit.o(.ARM.exidx) refers (Special) to rtexit2.o(.ARM.Collect$$rtexit$$00000004) for __rt_exit_exit
    rtexit.o(.ARM.exidx) refers (Special) to rtexit2.o(.ARM.Collect$$rtexit$$00000003) for __rt_exit_ls
    rtexit.o(.ARM.exidx) refers (Special) to rtexit2.o(.ARM.Collect$$rtexit$$00000002) for __rt_exit_prels_1
    rtexit.o(.ARM.exidx) refers to rtexit.o(.ARM.Collect$$rtexit$$00000000) for .ARM.Collect$$rtexit$$00000000
    rt_raise.o(.text) refers to __raise.o(.text) for __raise
    rt_raise.o(.text) refers to sys_exit.o(.text) for _sys_exit
    defsig_exit.o(.text) refers to sys_exit.o(.text) for _sys_exit
    defsig_fpe_inner.o(.text) refers to defsig_general.o(.text) for __default_signal_display
    libinit2.o(.ARM.Collect$$libinit$$0000000C) refers to libinit2.o(.ARM.Collect$$libinit$$0000000B) for .ARM.Collect$$libinit$$0000000B
    libinit2.o(.ARM.Collect$$libinit$$0000000E) refers to libinit2.o(.ARM.Collect$$libinit$$0000000B) for .ARM.Collect$$libinit$$0000000B
    libinit2.o(.ARM.Collect$$libinit$$00000010) refers to libinit2.o(.ARM.Collect$$libinit$$0000000B) for .ARM.Collect$$libinit$$0000000B
    libinit2.o(.ARM.Collect$$libinit$$00000012) refers to libinit2.o(.ARM.Collect$$libinit$$0000000B) for .ARM.Collect$$libinit$$0000000B
    libinit2.o(.ARM.Collect$$libinit$$00000014) refers to libinit2.o(.ARM.Collect$$libinit$$0000000B) for .ARM.Collect$$libinit$$0000000B
    libinit2.o(.ARM.Collect$$libinit$$00000022) refers to argv_veneer.o(.emb_text) for __ARM_argv_veneer
    libinit2.o(.ARM.Collect$$libinit$$00000023) refers to argv_veneer.o(.emb_text) for __ARM_argv_veneer
    fpinit.o(x$fpl$fpinit) refers to rt_fp_status_addr_intlibspace.o(.text) for __rt_fp_status_addr
    sys_exit.o(.text) refers (Special) to use_no_semi.o(.text) for __I$use$semihosting
    rtexit2.o(.ARM.Collect$$rtexit$$00000003) refers to libshutdown.o(.ARM.Collect$$libshutdown$$00000000) for __rt_lib_shutdown
    rtexit2.o(.ARM.Collect$$rtexit$$00000004) refers to sys_exit.o(.text) for _sys_exit
    rtexit2.o(.ARM.exidx) refers to rtexit2.o(.ARM.Collect$$rtexit$$00000001) for .ARM.Collect$$rtexit$$00000001
    rtexit2.o(.ARM.exidx) refers to rtexit2.o(.ARM.Collect$$rtexit$$00000002) for .ARM.Collect$$rtexit$$00000002
    rtexit2.o(.ARM.exidx) refers to rtexit2.o(.ARM.Collect$$rtexit$$00000003) for .ARM.Collect$$rtexit$$00000003
    rtexit2.o(.ARM.exidx) refers to rtexit2.o(.ARM.Collect$$rtexit$$00000004) for .ARM.Collect$$rtexit$$00000004
    rt_fp_status_addr.o(.text) refers to rt_fp_status_addr.o(.bss) for __rt_fp_status_addr_data
    rt_fp_status_addr_intlibspace.o(.text) refers to libspace.o(.bss) for __libspace_start
    __raise.o(.text) refers to __raise.o(i.__ARM_common_call_via_r2) for __ARM_common_call_via_r2
    __raise.o(.text) refers to defsig.o(CL$$defsig) for __default_signal_handler
    defsig_general.o(.text) refers to sys_wrch.o(.text) for _ttywrch
    argv_veneer.o(.emb_text) refers to no_argv.o(.text) for __ARM_get_argv
    sys_wrch.o(.text) refers (Special) to use_no_semi.o(.text) for __I$use$semihosting
    defsig.o(CL$$defsig) refers to defsig_fpe_inner.o(.text) for __rt_SIGFPE_inner
    defsig.o(CL$$defsig) refers to defsig_rtmem_inner.o(.text) for __rt_SIGRTMEM_inner
    _get_argv_nomalloc.o(.text) refers (Special) to hrguard.o(.text) for __heap_region$guard
    _get_argv_nomalloc.o(.text) refers to defsig_rtmem_outer.o(.text) for __rt_SIGRTMEM
    _get_argv_nomalloc.o(.text) refers to sys_command.o(.text) for _sys_command_string
    libshutdown.o(.ARM.Collect$$libshutdown$$00000000) refers (Special) to libshutdown2.o(.ARM.Collect$$libshutdown$$00000006) for __rt_lib_shutdown_fp_trap_1
    libshutdown.o(.ARM.Collect$$libshutdown$$00000000) refers (Special) to libshutdown2.o(.ARM.Collect$$libshutdown$$0000000E) for __rt_lib_shutdown_heap_1
    libshutdown.o(.ARM.Collect$$libshutdown$$00000000) refers (Special) to libshutdown2.o(.ARM.Collect$$libshutdown$$0000000F) for __rt_lib_shutdown_return
    libshutdown.o(.ARM.Collect$$libshutdown$$00000000) refers (Special) to libshutdown2.o(.ARM.Collect$$libshutdown$$00000009) for __rt_lib_shutdown_signal_1
    libshutdown.o(.ARM.Collect$$libshutdown$$00000000) refers (Special) to libshutdown2.o(.ARM.Collect$$libshutdown$$00000003) for __rt_lib_shutdown_stdio_1
    libshutdown.o(.ARM.Collect$$libshutdown$$00000000) refers (Special) to libshutdown2.o(.ARM.Collect$$libshutdown$$0000000B) for __rt_lib_shutdown_user_alloc_1
    sys_command.o(.text) refers (Special) to use_no_semi.o(.text) for __I$use$semihosting
    defsig_abrt_inner.o(.text) refers to defsig_general.o(.text) for __default_signal_display
    defsig_rtred_inner.o(.text) refers to defsig_general.o(.text) for __default_signal_display
    defsig_rtmem_inner.o(.text) refers to defsig_general.o(.text) for __default_signal_display
    defsig_rtmem_outer.o(.text) refers to defsig_rtmem_inner.o(.text) for __rt_SIGRTMEM_inner
    defsig_rtmem_outer.o(.text) refers to defsig_exit.o(.text) for __sig_exit
    defsig_rtmem_formal.o(.text) refers to rt_raise.o(.text) for __rt_raise
    defsig_stak_inner.o(.text) refers to defsig_general.o(.text) for __default_signal_display
    defsig_pvfn_inner.o(.text) refers to defsig_general.o(.text) for __default_signal_display
    defsig_cppl_inner.o(.text) refers to defsig_general.o(.text) for __default_signal_display
    defsig_segv_inner.o(.text) refers to defsig_general.o(.text) for __default_signal_display
    defsig_other.o(.text) refers to defsig_general.o(.text) for __default_signal_display


==============================================================================

Removing Unused input sections from the image.

    Removing pin_connect_block.o(.text), (164 bytes).
    Removing adc.o(.text), (232 bytes).

2 unused section(s) (total 396 bytes) removed from the image.

==============================================================================

Adding Veneers to the image

    Adding AT veneer (8 bytes, Inline) for call to '__rt_lib_init' from rtentry2.o(.ARM.Collect$$rtentry$$0000000A).
    Adding AT veneer (8 bytes, Inline) for call to '__rt_lib_shutdown' from rtexit2.o(.ARM.Collect$$rtexit$$00000003).
    Adding TA veneer (4 bytes, Inline) for call to '__rt_exit' from exit.o(.text).
    Adding AT veneer (8 bytes, Inline) for call to '_sys_exit' from rtexit2.o(.ARM.Collect$$rtexit$$00000004).
    Adding TA veneer (4 bytes, Inline) for call to '_fp_init' from libinit.o(.ARM.Collect$$libinit$$00000000).

5 Veneer(s) (total 32 bytes) added to the image.

==============================================================================

Image Symbol Table

    Local Symbols

    Symbol Name                              Value     Ov Type        Size  Object(Section)

    RESET                                    0x00000000   Section      272  startup.o(RESET)
    ../../angel/boardlib.s                   0x00000000   Number         0  boardinit2.o ABSOLUTE
    ../../angel/boardlib.s                   0x00000000   Number         0  boardinit1.o ABSOLUTE
    ../../angel/boardlib.s                   0x00000000   Number         0  boardinit3.o ABSOLUTE
    ../../angel/boardlib.s                   0x00000000   Number         0  boardshut.o ABSOLUTE
    ../../angel/handlers.s                   0x00000000   Number         0  __scatter_zi.o ABSOLUTE
    ../../angel/handlers.s                   0x00000000   Number         0  __scatter_copy.o ABSOLUTE
    ../../angel/kernel.s                     0x00000000   Number         0  rtexit.o ABSOLUTE
    ../../angel/kernel.s                     0x00000000   Number         0  rtexit2.o ABSOLUTE
    ../../angel/kernel.s                     0x00000000   Number         0  rtentry4.o ABSOLUTE
    ../../angel/kernel.s                     0x00000000   Number         0  rtentry2.o ABSOLUTE
    ../../angel/kernel.s                     0x00000000   Number         0  rtentry.o ABSOLUTE
    ../../angel/rt.s                         0x00000000   Number         0  rt_raise.o ABSOLUTE
    ../../angel/rt.s                         0x00000000   Number         0  aeabi_idiv0_sigfpe.o ABSOLUTE
    ../../angel/rt.s                         0x00000000   Number         0  rt_fp_status_addr.o ABSOLUTE
    ../../angel/rt.s                         0x00000000   Number         0  rt_fp_status_addr_intlibspace.o ABSOLUTE
    ../../angel/rt.s                         0x00000000   Number         0  aeabi_idiv0.o ABSOLUTE
    ../../angel/rt.s                         0x00000000   Number         0  rt_div0.o ABSOLUTE
    ../../angel/scatter.s                    0x00000000   Number         0  __scatter.o ABSOLUTE
    ../../angel/startup.s                    0x00000000   Number         0  __main.o ABSOLUTE
    ../../angel/sys.s                        0x00000000   Number         0  libspace.o ABSOLUTE
    ../../angel/sys.s                        0x00000000   Number         0  sys_stackheap_outer.o ABSOLUTE
    ../../angel/sys.s                        0x00000000   Number         0  use_no_semi.o ABSOLUTE
    ../../angel/sysapp.c                     0x00000000   Number         0  sys_wrch.o ABSOLUTE
    ../../angel/sysapp.c                     0x00000000   Number         0  sys_command.o ABSOLUTE
    ../../angel/sysapp.c                     0x00000000   Number         0  sys_exit.o ABSOLUTE
    ../../armsys.c                           0x00000000   Number         0  argv_veneer.o ABSOLUTE
    ../../armsys.c                           0x00000000   Number         0  no_argv.o ABSOLUTE
    ../../armsys.c                           0x00000000   Number         0  _get_argv_nomalloc.o ABSOLUTE
    ../../armsys.c                           0x00000000   Number         0  argv_veneer.o ABSOLUTE
    ../../division.s                         0x00000000   Number         0  aeabi_sdiv_div0.o ABSOLUTE
    ../../division.s                         0x00000000   Number         0  aeabi_sdiv.o ABSOLUTE
    ../../divrt.s                            0x00000000   Number         0  divrt_7tdmi_div0.o ABSOLUTE
    ../../divrt.s                            0x00000000   Number         0  divrt_7tdmi.o ABSOLUTE
    ../../fdiv.s                             0x00000000   Number         0  fdiv.o ABSOLUTE
    ../../fflt.s                             0x00000000   Number         0  fflt_noclz.o ABSOLUTE
    ../../fmul.s                             0x00000000   Number         0  fmul.o ABSOLUTE
    ../../fnaninf.s                          0x00000000   Number         0  fnaninf.o ABSOLUTE
    ../../fpinit.s                           0x00000000   Number         0  fpinit.o ABSOLUTE
    ../../fretinf.s                          0x00000000   Number         0  fretinf.o ABSOLUTE
    ../../heapalloc.c                        0x00000000   Number         0  hrguard.o ABSOLUTE
    ../../heapaux.c                          0x00000000   Number         0  heapauxi.o ABSOLUTE
    ../../libinit.s                          0x00000000   Number         0  libinit.o ABSOLUTE
    ../../libinit.s                          0x00000000   Number         0  libshutdown.o ABSOLUTE
    ../../libinit.s                          0x00000000   Number         0  libshutdown2.o ABSOLUTE
    ../../libinit.s                          0x00000000   Number         0  libinit2.o ABSOLUTE
    ../../signal.c                           0x00000000   Number         0  defsig_rtred_inner.o ABSOLUTE
    ../../signal.c                           0x00000000   Number         0  defsig_abrt_inner.o ABSOLUTE
    ../../signal.c                           0x00000000   Number         0  defsig_rtmem_formal.o ABSOLUTE
    ../../signal.c                           0x00000000   Number         0  defsig_fpe_outer.o ABSOLUTE
    ../../signal.c                           0x00000000   Number         0  defsig_general.o ABSOLUTE
    ../../signal.c                           0x00000000   Number         0  defsig_fpe_inner.o ABSOLUTE
    ../../signal.c                           0x00000000   Number         0  defsig_rtmem_inner.o ABSOLUTE
    ../../signal.c                           0x00000000   Number         0  __raise.o ABSOLUTE
    ../../signal.c                           0x00000000   Number         0  defsig_other.o ABSOLUTE
    ../../signal.c                           0x00000000   Number         0  defsig_fpe_formal.o ABSOLUTE
    ../../signal.c                           0x00000000   Number         0  defsig_segv_inner.o ABSOLUTE
    ../../signal.c                           0x00000000   Number         0  defsig_cppl_inner.o ABSOLUTE
    ../../signal.c                           0x00000000   Number         0  defsig_pvfn_inner.o ABSOLUTE
    ../../signal.c                           0x00000000   Number         0  defsig_stak_inner.o ABSOLUTE
    ../../signal.c                           0x00000000   Number         0  defsig_rtmem_outer.o ABSOLUTE
    ../../signal.c                           0x00000000   Number         0  defsig_exit.o ABSOLUTE
    ../../signal.s                           0x00000000   Number         0  defsig.o ABSOLUTE
    ../../stdlib.c                           0x00000000   Number         0  exit.o ABSOLUTE
    ../../usenofp.s                          0x00000000   Number         0  usenofp.o ABSOLUTE
    Main_node.c                              0x00000000   Number         0  main_node.o ABSOLUTE
    Startup.s                                0x00000000   Number         0  startup.o ABSOLUTE
    adc.c                                    0x00000000   Number         0  adc.o ABSOLUTE
    can.c                                    0x00000000   Number         0  can.o ABSOLUTE
    dc.s                                     0x00000000   Number         0  dc.o ABSOLUTE
    delay.c                                  0x00000000   Number         0  delay.o ABSOLUTE
    ds18b20.c                                0x00000000   Number         0  ds18b20.o ABSOLUTE
    lcd.c                                    0x00000000   Number         0  lcd.o ABSOLUTE
    pin_connect_block.c                      0x00000000   Number         0  pin_connect_block.o ABSOLUTE
    Undef_Handler                            0x00000040   ARM Code       4  startup.o(RESET)
    SWI_Handler                              0x00000044   ARM Code       4  startup.o(RESET)
    PAbt_Handler                             0x00000048   ARM Code       4  startup.o(RESET)
    DAbt_Handler                             0x0000004c   ARM Code       4  startup.o(RESET)
    IRQ_Handler                              0x00000050   ARM Code       4  startup.o(RESET)
    FIQ_Handler                              0x00000054   ARM Code       4  startup.o(RESET)
    !!!main                                  0x00000110   Section        8  __main.o(!!!main)
    !!!scatter                               0x00000118   Section       60  __scatter.o(!!!scatter)
    !!handler_copy                           0x00000154   Section       40  __scatter_copy.o(!!handler_copy)
    !!handler_zi                             0x0000017c   Section       44  __scatter_zi.o(!!handler_zi)
    .ARM.Collect$$libinit$$00000000          0x000001b0   Section        6  libinit.o(.ARM.Collect$$libinit$$00000000)
    .ARM.Collect$$libinit$$00000006          0x000001b6   Section        0  libinit2.o(.ARM.Collect$$libinit$$00000006)
    .ARM.Collect$$libinit$$00000008          0x000001b6   Section        0  libinit2.o(.ARM.Collect$$libinit$$00000008)
    .ARM.Collect$$libinit$$0000000A          0x000001b6   Section        0  libinit2.o(.ARM.Collect$$libinit$$0000000A)
    .ARM.Collect$$libinit$$0000000D          0x000001b6   Section        0  libinit2.o(.ARM.Collect$$libinit$$0000000D)
    .ARM.Collect$$libinit$$0000000F          0x000001b6   Section        0  libinit2.o(.ARM.Collect$$libinit$$0000000F)
    .ARM.Collect$$libinit$$00000011          0x000001b6   Section        0  libinit2.o(.ARM.Collect$$libinit$$00000011)
    .ARM.Collect$$libinit$$00000013          0x000001b6   Section        0  libinit2.o(.ARM.Collect$$libinit$$00000013)
    .ARM.Collect$$libinit$$00000015          0x000001b6   Section        0  libinit2.o(.ARM.Collect$$libinit$$00000015)
    .ARM.Collect$$libinit$$00000017          0x000001b6   Section        0  libinit2.o(.ARM.Collect$$libinit$$00000017)
    .ARM.Collect$$libinit$$00000019          0x000001b6   Section        0  libinit2.o(.ARM.Collect$$libinit$$00000019)
    .ARM.Collect$$libinit$$0000001B          0x000001b6   Section        0  libinit2.o(.ARM.Collect$$libinit$$0000001B)
    .ARM.Collect$$libinit$$0000001D          0x000001b6   Section        0  libinit2.o(.ARM.Collect$$libinit$$0000001D)
    .ARM.Collect$$libinit$$0000001F          0x000001b6   Section        0  libinit2.o(.ARM.Collect$$libinit$$0000001F)
    .ARM.Collect$$libinit$$00000021          0x000001b6   Section        0  libinit2.o(.ARM.Collect$$libinit$$00000021)
    .ARM.Collect$$libinit$$00000028          0x000001b6   Section        0  libinit2.o(.ARM.Collect$$libinit$$00000028)
    .ARM.Collect$$libinit$$0000002A          0x000001b6   Section        0  libinit2.o(.ARM.Collect$$libinit$$0000002A)
    .ARM.Collect$$libinit$$0000002C          0x000001b6   Section        0  libinit2.o(.ARM.Collect$$libinit$$0000002C)
    .ARM.Collect$$libinit$$0000002E          0x000001b6   Section        0  libinit2.o(.ARM.Collect$$libinit$$0000002E)
    .ARM.Collect$$libinit$$0000002F          0x000001b6   Section       12  libinit2.o(.ARM.Collect$$libinit$$0000002F)
    .ARM.Collect$$libshutdown$$00000000      0x000001cc   Section        4  libshutdown.o(.ARM.Collect$$libshutdown$$00000000)
    .ARM.Collect$$libshutdown$$00000003      0x000001d0   Section        0  libshutdown2.o(.ARM.Collect$$libshutdown$$00000003)
    .ARM.Collect$$libshutdown$$00000006      0x000001d0   Section        0  libshutdown2.o(.ARM.Collect$$libshutdown$$00000006)
    .ARM.Collect$$libshutdown$$00000009      0x000001d0   Section        0  libshutdown2.o(.ARM.Collect$$libshutdown$$00000009)
    .ARM.Collect$$libshutdown$$0000000B      0x000001d0   Section        0  libshutdown2.o(.ARM.Collect$$libshutdown$$0000000B)
    .ARM.Collect$$libshutdown$$0000000E      0x000001d0   Section        0  libshutdown2.o(.ARM.Collect$$libshutdown$$0000000E)
    .ARM.Collect$$libshutdown$$0000000F      0x000001d0   Section        6  libshutdown2.o(.ARM.Collect$$libshutdown$$0000000F)
    .ARM.Collect$$rtentry$$00000000          0x000001d8   Section        0  rtentry.o(.ARM.Collect$$rtentry$$00000000)
    .ARM.Collect$$rtentry$$00000002          0x000001d8   Section        0  rtentry2.o(.ARM.Collect$$rtentry$$00000002)
    .ARM.Collect$$rtentry$$00000004          0x000001d8   Section        8  rtentry4.o(.ARM.Collect$$rtentry$$00000004)
    .ARM.Collect$$rtentry$$00000009          0x000001e0   Section        0  rtentry2.o(.ARM.Collect$$rtentry$$00000009)
    .ARM.Collect$$rtentry$$0000000A          0x000001e0   Section        4  rtentry2.o(.ARM.Collect$$rtentry$$0000000A)
    .ARM.Collect$$rtentry$$0000000C          0x000001e4   Section        0  rtentry2.o(.ARM.Collect$$rtentry$$0000000C)
    .ARM.Collect$$rtentry$$0000000D          0x000001e4   Section       40  rtentry2.o(.ARM.Collect$$rtentry$$0000000D)
    .ARM.Collect$$rtexit$$00000000           0x00000210   Section        4  rtexit.o(.ARM.Collect$$rtexit$$00000000)
    .ARM.Collect$$rtexit$$00000002           0x00000214   Section        0  rtexit2.o(.ARM.Collect$$rtexit$$00000002)
    .ARM.Collect$$rtexit$$00000003           0x00000214   Section        4  rtexit2.o(.ARM.Collect$$rtexit$$00000003)
    .ARM.Collect$$rtexit$$00000004           0x00000218   Section        8  rtexit2.o(.ARM.Collect$$rtexit$$00000004)
    .text                                    0x00000220   Section       32  startup.o(.text)
    .text                                    0x00000240   Section        0  can.o(.text)
    .text                                    0x000003bc   Section        0  delay.o(.text)
    .text                                    0x0000041c   Section        0  ds18b20.o(.text)
    DQ_Output                                0x0000041c   ARM Code      24  ds18b20.o(.text)
    DQ_Input                                 0x00000434   ARM Code      24  ds18b20.o(.text)
    DQ_Write                                 0x0000044c   ARM Code      72  ds18b20.o(.text)
    DQ_Read                                  0x00000494   ARM Code      76  ds18b20.o(.text)
    ResetPulse                               0x000004e0   ARM Code      56  ds18b20.o(.text)
    WriteByte                                0x00000518   ARM Code      52  ds18b20.o(.text)
    ReadByte                                 0x0000054c   ARM Code      64  ds18b20.o(.text)
    .text                                    0x00000604   Section        0  lcd.o(.text)
    LCD_WriteByte                            0x00000604   ARM Code      84  lcd.o(.text)
    LCD_BuildCGRAM                           0x0000086c   ARM Code      80  lcd.o(.text)
    .text                                    0x000009b0   Section        0  main_node.o(.text)
    Enable_EINT0                             0x000009e4   ARM Code      96  main_node.o(.text)
    .text                                    0x00000c70   Section      384  aeabi_sdiv.o(.text)
    __arm_div8                               0x00000c9c   ARM Code       0  aeabi_sdiv.o(.text)
    __arm_div5                               0x00000cc0   ARM Code       0  aeabi_sdiv.o(.text)
    __arm_div2                               0x00000ce4   ARM Code       0  aeabi_sdiv.o(.text)
    __arm_div_large                          0x00000d20   ARM Code       0  aeabi_sdiv.o(.text)
    .text                                    0x00000df0   Section        0  heapauxi.o(.text)
    .text                                    0x00000df8   Section       96  sys_stackheap_outer.o(.text)
    .text                                    0x00000e58   Section        0  exit.o(.text)
    .text                                    0x00000e64   Section       12  libspace.o(.text)
    .text                                    0x00000e78   Section        0  sys_exit.o(.text)
    .text                                    0x00000e84   Section       16  rt_fp_status_addr_intlibspace.o(.text)
    .text                                    0x00000e94   Section        4  use_no_semi.o(.text)
    .text_udiv                               0x00000e98   Section       36  aeabi_sdiv.o(.text_udiv)
    x$fpl$fpinit                             0x00000ec0   Section       24  fpinit.o(x$fpl$fpinit)
    .constdata                               0x00000ed8   Section       40  lcd.o(.constdata)
    bar0                                     0x00000ed8   Data           8  lcd.o(.constdata)
    bar1                                     0x00000ee0   Data           8  lcd.o(.constdata)
    bar2                                     0x00000ee8   Data           8  lcd.o(.constdata)
    bar3                                     0x00000ef0   Data           8  lcd.o(.constdata)
    bar4                                     0x00000ef8   Data           8  lcd.o(.constdata)
    .data                                    0x40000000   Section        1  main_node.o(.data)
    .bss                                     0x40000004   Section       32  main_node.o(.bss)
    .bss                                     0x40000024   Section       96  libspace.o(.bss)
    HEAP                                     0x40000088   Section        0  startup.o(HEAP)
    STACK                                    0x40000088   Section     1160  startup.o(STACK)
    Heap_Mem                                 0x40000088   Data           0  startup.o(HEAP)
    Stack_Mem                                0x40000088   Data        1024  startup.o(STACK)
    Stack_Top                                0x40000510   Data           0  startup.o(STACK)

    Global Symbols

    Symbol Name                              Value     Ov Type        Size  Object(Section)

    BuildAttributes$$THM_ISAv1$ARM_ISAv4$S$PE$A:L22$X:L11$S22$IEEE1$IW$USESV6$~STKCKD$USESV7$~SHL$OSPACE$ROPI$EBA8$UX$STANDARDLIB$REQ8$PRES8$EABIv2 0x00000000   Number         0  anon$$obj.o ABSOLUTE
    __ARM_use_no_argv                        0x00000000   Number         0  main_node.o ABSOLUTE
    __ARM_exceptions_init                     - Undefined Weak Reference
    __alloca_initialize                       - Undefined Weak Reference
    __cpp_initialize__aeabi_                  - Undefined Weak Reference
    __cxa_finalize                            - Undefined Weak Reference
    __rt_locale                               - Undefined Weak Reference
    __sigvec_lookup                           - Undefined Weak Reference
    _atexit_init                              - Undefined Weak Reference
    _call_atexit_fns                          - Undefined Weak Reference
    _clock_init                               - Undefined Weak Reference
    _fp_trap_init                             - Undefined Weak Reference
    _fp_trap_shutdown                         - Undefined Weak Reference
    _get_lc_collate                           - Undefined Weak Reference
    _get_lc_ctype                             - Undefined Weak Reference
    _get_lc_monetary                          - Undefined Weak Reference
    _get_lc_numeric                           - Undefined Weak Reference
    _get_lc_time                              - Undefined Weak Reference
    _getenv_init                              - Undefined Weak Reference
    _handle_redirection                       - Undefined Weak Reference
    _init_alloc                               - Undefined Weak Reference
    _init_user_alloc                          - Undefined Weak Reference
    _initio                                   - Undefined Weak Reference
    _rand_init                                - Undefined Weak Reference
    _signal_finish                            - Undefined Weak Reference
    _signal_init                              - Undefined Weak Reference
    _terminate_alloc                          - Undefined Weak Reference
    _terminate_user_alloc                     - Undefined Weak Reference
    _terminateio                              - Undefined Weak Reference
    Reset_Handler                            0x00000058   ARM Code       0  startup.o(RESET)
    __main                                   0x00000110   ARM Code       8  __main.o(!!!main)
    __scatterload                            0x00000118   ARM Code       0  __scatter.o(!!!scatter)
    __scatterload_rt2                        0x00000118   ARM Code      52  __scatter.o(!!!scatter)
    __scatterload_null                       0x0000012c   ARM Code       0  __scatter.o(!!!scatter)
    __scatterload_copy                       0x00000154   ARM Code      40  __scatter_copy.o(!!handler_copy)
    __scatterload_zeroinit                   0x0000017c   ARM Code      44  __scatter_zi.o(!!handler_zi)
    Inline ARM to Thumb Veneer to __rt_lib_init 0x000001a8   ARM Code       8  libinit.o(.ARM.Collect$$libinit$$00000000)
    __rt_lib_init                            0x000001b1   Thumb Code     0  libinit.o(.ARM.Collect$$libinit$$00000000)
    __rt_lib_init_alloca_1                   0x000001b7   Thumb Code     0  libinit2.o(.ARM.Collect$$libinit$$0000002A)
    __rt_lib_init_argv_1                     0x000001b7   Thumb Code     0  libinit2.o(.ARM.Collect$$libinit$$00000028)
    __rt_lib_init_atexit_1                   0x000001b7   Thumb Code     0  libinit2.o(.ARM.Collect$$libinit$$00000017)
    __rt_lib_init_clock_1                    0x000001b7   Thumb Code     0  libinit2.o(.ARM.Collect$$libinit$$0000001D)
    __rt_lib_init_cpp_1                      0x000001b7   Thumb Code     0  libinit2.o(.ARM.Collect$$libinit$$0000002E)
    __rt_lib_init_exceptions_1               0x000001b7   Thumb Code     0  libinit2.o(.ARM.Collect$$libinit$$0000002C)
    __rt_lib_init_fp_trap_1                  0x000001b7   Thumb Code     0  libinit2.o(.ARM.Collect$$libinit$$0000001B)
    __rt_lib_init_getenv_1                   0x000001b7   Thumb Code     0  libinit2.o(.ARM.Collect$$libinit$$0000001F)
    __rt_lib_init_heap_1                     0x000001b7   Thumb Code     0  libinit2.o(.ARM.Collect$$libinit$$00000006)
    __rt_lib_init_lc_collate_1               0x000001b7   Thumb Code     0  libinit2.o(.ARM.Collect$$libinit$$0000000D)
    __rt_lib_init_lc_ctype_1                 0x000001b7   Thumb Code     0  libinit2.o(.ARM.Collect$$libinit$$0000000F)
    __rt_lib_init_lc_monetary_1              0x000001b7   Thumb Code     0  libinit2.o(.ARM.Collect$$libinit$$00000011)
    __rt_lib_init_lc_numeric_1               0x000001b7   Thumb Code     0  libinit2.o(.ARM.Collect$$libinit$$00000013)
    __rt_lib_init_lc_time_1                  0x000001b7   Thumb Code     0  libinit2.o(.ARM.Collect$$libinit$$00000015)
    __rt_lib_init_rand_1                     0x000001b7   Thumb Code     0  libinit2.o(.ARM.Collect$$libinit$$0000000A)
    __rt_lib_init_return                     0x000001b7   Thumb Code     0  libinit2.o(.ARM.Collect$$libinit$$0000002F)
    __rt_lib_init_signal_1                   0x000001b7   Thumb Code     0  libinit2.o(.ARM.Collect$$libinit$$00000019)
    __rt_lib_init_stdio_1                    0x000001b7   Thumb Code     0  libinit2.o(.ARM.Collect$$libinit$$00000021)
    __rt_lib_init_user_alloc_1               0x000001b7   Thumb Code     0  libinit2.o(.ARM.Collect$$libinit$$00000008)
    Inline ARM to Thumb Veneer to __rt_lib_shutdown 0x000001c4   ARM Code       8  libshutdown.o(.ARM.Collect$$libshutdown$$00000000)
    __rt_lib_shutdown                        0x000001cd   Thumb Code     0  libshutdown.o(.ARM.Collect$$libshutdown$$00000000)
    __rt_lib_shutdown_fp_trap_1              0x000001d1   Thumb Code     0  libshutdown2.o(.ARM.Collect$$libshutdown$$00000006)
    __rt_lib_shutdown_heap_1                 0x000001d1   Thumb Code     0  libshutdown2.o(.ARM.Collect$$libshutdown$$0000000E)
    __rt_lib_shutdown_return                 0x000001d1   Thumb Code     0  libshutdown2.o(.ARM.Collect$$libshutdown$$0000000F)
    __rt_lib_shutdown_signal_1               0x000001d1   Thumb Code     0  libshutdown2.o(.ARM.Collect$$libshutdown$$00000009)
    __rt_lib_shutdown_stdio_1                0x000001d1   Thumb Code     0  libshutdown2.o(.ARM.Collect$$libshutdown$$00000003)
    __rt_lib_shutdown_user_alloc_1           0x000001d1   Thumb Code     0  libshutdown2.o(.ARM.Collect$$libshutdown$$0000000B)
    __rt_entry                               0x000001d8   ARM Code       0  rtentry.o(.ARM.Collect$$rtentry$$00000000)
    __rt_entry_presh_1                       0x000001d8   ARM Code       0  rtentry2.o(.ARM.Collect$$rtentry$$00000002)
    __rt_entry_sh                            0x000001d8   ARM Code       0  rtentry4.o(.ARM.Collect$$rtentry$$00000004)
    __rt_entry_li                            0x000001e0   ARM Code       0  rtentry2.o(.ARM.Collect$$rtentry$$0000000A)
    __rt_entry_postsh_1                      0x000001e0   ARM Code       0  rtentry2.o(.ARM.Collect$$rtentry$$00000009)
    __rt_entry_main                          0x000001e4   ARM Code       0  rtentry2.o(.ARM.Collect$$rtentry$$0000000D)
    __rt_entry_postli_1                      0x000001e4   ARM Code       0  rtentry2.o(.ARM.Collect$$rtentry$$0000000C)
    Inline Thumb to ARM Veneer to __rt_exit  0x0000020d   Thumb Code     4  rtexit.o(.ARM.Collect$$rtexit$$00000000)
    __rt_exit                                0x00000210   ARM Code       0  rtexit.o(.ARM.Collect$$rtexit$$00000000)
    __rt_exit_ls                             0x00000214   ARM Code       0  rtexit2.o(.ARM.Collect$$rtexit$$00000003)
    __rt_exit_prels_1                        0x00000214   ARM Code       0  rtexit2.o(.ARM.Collect$$rtexit$$00000002)
    __rt_exit_exit                           0x00000218   ARM Code       0  rtexit2.o(.ARM.Collect$$rtexit$$00000004)
    __user_initial_stackheap                 0x00000220   ARM Code       0  startup.o(.text)
    Init_CAN1                                0x00000240   ARM Code      84  can.o(.text)
    CAN1_Tx                                  0x00000294   ARM Code     136  can.o(.text)
    CAN1_Rx                                  0x0000031c   ARM Code     148  can.o(.text)
    delay_us                                 0x000003bc   ARM Code      48  delay.o(.text)
    delay_ms                                 0x000003ec   ARM Code      48  delay.o(.text)
    Init_DS18B20                             0x0000058c   ARM Code      28  ds18b20.o(.text)
    ReadTemp                                 0x000005a8   ARM Code      84  ds18b20.o(.text)
    WriteLCD                                 0x00000658   ARM Code      24  lcd.o(.text)
    CmdLCD                                   0x00000670   ARM Code      36  lcd.o(.text)
    CharLCD                                  0x00000694   ARM Code      36  lcd.o(.text)
    StrLCD                                   0x000006b8   ARM Code      40  lcd.o(.text)
    U32LCD                                   0x000006e0   ARM Code     132  lcd.o(.text)
    Init_LCD                                 0x00000764   ARM Code     116  lcd.o(.text)
    SetCursor                                0x000007d8   ARM Code     148  lcd.o(.text)
    LCD_InitFuelBar                          0x000008bc   ARM Code      72  lcd.o(.text)
    LCD_DisplayFuel                          0x00000904   ARM Code     148  lcd.o(.text)
    EINT0_ISR                                0x000009b0   ARM Code      52  main_node.o(.text)
    main                                     0x00000a44   ARM Code     480  main_node.o(.text)
    __aeabi_idiv                             0x00000c70   ARM Code       0  aeabi_sdiv.o(.text)
    __aeabi_idivmod                          0x00000c70   ARM Code     384  aeabi_sdiv.o(.text)
    __use_two_region_memory                  0x00000df1   Thumb Code     2  heapauxi.o(.text)
    __rt_heap_escrow$2region                 0x00000df3   Thumb Code     2  heapauxi.o(.text)
    __rt_heap_expand$2region                 0x00000df5   Thumb Code     2  heapauxi.o(.text)
    __user_setup_stackheap                   0x00000df8   ARM Code      96  sys_stackheap_outer.o(.text)
    exit                                     0x00000e59   Thumb Code    12  exit.o(.text)
    __user_libspace                          0x00000e64   ARM Code      12  libspace.o(.text)
    __user_perproc_libspace                  0x00000e64   ARM Code       0  libspace.o(.text)
    __user_perthread_libspace                0x00000e64   ARM Code       0  libspace.o(.text)
    Inline ARM to Thumb Veneer to _sys_exit  0x00000e70   ARM Code       8  sys_exit.o(.text)
    _sys_exit                                0x00000e79   Thumb Code     8  sys_exit.o(.text)
    __rt_fp_status_addr                      0x00000e84   ARM Code      16  rt_fp_status_addr_intlibspace.o(.text)
    __I$use$semihosting                      0x00000e94   ARM Code       0  use_no_semi.o(.text)
    __use_no_semihosting_swi                 0x00000e94   ARM Code       4  use_no_semi.o(.text)
    __aeabi_uidiv                            0x00000e98   ARM Code       0  aeabi_sdiv.o(.text_udiv)
    __aeabi_uidivmod                         0x00000e98   ARM Code      36  aeabi_sdiv.o(.text_udiv)
    Inline Thumb to ARM Veneer to _fp_init   0x00000ebd   Thumb Code     4  fpinit.o(x$fpl$fpinit)
    _fp_init                                 0x00000ec0   ARM Code      24  fpinit.o(x$fpl$fpinit)
    __fplib_config_pureend_doubles           0x00000ed0   ARM Code       0  fpinit.o(x$fpl$fpinit)
    Region$$Table$$Base                      0x00000f00   Number         0  anon$$obj.o(Region$$Table)
    Region$$Table$$Limit                     0x00000f20   Number         0  anon$$obj.o(Region$$Table)
    indicator_flag                           0x40000000   Data           1  main_node.o(.data)
    txFrame                                  0x40000004   Data          16  main_node.o(.bss)
    rxFrame                                  0x40000014   Data          16  main_node.o(.bss)
    __libspace_start                         0x40000024   Data          96  libspace.o(.bss)
    __temporary_stack_top$libspace           0x40000084   Data           0  libspace.o(.bss)



==============================================================================

Memory Map of the image

  Image Entry point : 0x00000110

  Load Region LR_IROM1 (Base: 0x00000000, Size: 0x00000f24, Max: 0x00040000, ABSOLUTE)

    Execution Region ER_IROM1 (Base: 0x00000000, Size: 0x00000f20, Max: 0x00040000, ABSOLUTE)

    Base Addr    Size         Type   Attr      Idx    E Section Name        Object

    0x00000000   0x00000110   Code   RO            3    RESET               startup.o
    0x00000110   0x00000008   Code   RO          160  * !!!main             c_t.l(__main.o)(c_t.l)
    0x00000118   0x0000003c   Code   RO          349    !!!scatter          c_t.l(__scatter.o)(c_t.l)
    0x00000154   0x00000028   Code   RO          351    !!handler_copy      c_t.l(__scatter_copy.o)(c_t.l)
    0x0000017c   0x0000002c   Code   RO          353    !!handler_zi        c_t.l(__scatter_zi.o)(c_t.l)
    0x000001a8   0x00000008   Ven    RO          217    .ARM.Collect$$libinit$$00000000  c_t.l(libinit.o)(c_t.l)
    0x000001b0   0x00000006   Code   RO          217    .ARM.Collect$$libinit$$00000000  c_t.l(libinit.o)(c_t.l)
    0x000001b6   0x00000000   Code   RO          231    .ARM.Collect$$libinit$$00000006  c_t.l(libinit2.o)(c_t.l)
    0x000001b6   0x00000000   Code   RO          233    .ARM.Collect$$libinit$$00000008  c_t.l(libinit2.o)(c_t.l)
    0x000001b6   0x00000000   Code   RO          235    .ARM.Collect$$libinit$$0000000A  c_t.l(libinit2.o)(c_t.l)
    0x000001b6   0x00000000   Code   RO          238    .ARM.Collect$$libinit$$0000000D  c_t.l(libinit2.o)(c_t.l)
    0x000001b6   0x00000000   Code   RO          240    .ARM.Collect$$libinit$$0000000F  c_t.l(libinit2.o)(c_t.l)
    0x000001b6   0x00000000   Code   RO          242    .ARM.Collect$$libinit$$00000011  c_t.l(libinit2.o)(c_t.l)
    0x000001b6   0x00000000   Code   RO          244    .ARM.Collect$$libinit$$00000013  c_t.l(libinit2.o)(c_t.l)
    0x000001b6   0x00000000   Code   RO          246    .ARM.Collect$$libinit$$00000015  c_t.l(libinit2.o)(c_t.l)
    0x000001b6   0x00000000   Code   RO          248    .ARM.Collect$$libinit$$00000017  c_t.l(libinit2.o)(c_t.l)
    0x000001b6   0x00000000   Code   RO          250    .ARM.Collect$$libinit$$00000019  c_t.l(libinit2.o)(c_t.l)
    0x000001b6   0x00000000   Code   RO          252    .ARM.Collect$$libinit$$0000001B  c_t.l(libinit2.o)(c_t.l)
    0x000001b6   0x00000000   Code   RO          254    .ARM.Collect$$libinit$$0000001D  c_t.l(libinit2.o)(c_t.l)
    0x000001b6   0x00000000   Code   RO          256    .ARM.Collect$$libinit$$0000001F  c_t.l(libinit2.o)(c_t.l)
    0x000001b6   0x00000000   Code   RO          258    .ARM.Collect$$libinit$$00000021  c_t.l(libinit2.o)(c_t.l)
    0x000001b6   0x00000000   Code   RO          262    .ARM.Collect$$libinit$$00000028  c_t.l(libinit2.o)(c_t.l)
    0x000001b6   0x00000000   Code   RO          264    .ARM.Collect$$libinit$$0000002A  c_t.l(libinit2.o)(c_t.l)
    0x000001b6   0x00000000   Code   RO          266    .ARM.Collect$$libinit$$0000002C  c_t.l(libinit2.o)(c_t.l)
    0x000001b6   0x00000000   Code   RO          268    .ARM.Collect$$libinit$$0000002E  c_t.l(libinit2.o)(c_t.l)
    0x000001b6   0x0000000c   Code   RO          269    .ARM.Collect$$libinit$$0000002F  c_t.l(libinit2.o)(c_t.l)
    0x000001c2   0x00000002   PAD
    0x000001c4   0x00000008   Ven    RO          307    .ARM.Collect$$libshutdown$$00000000  c_t.l(libshutdown.o)(c_t.l)
    0x000001cc   0x00000004   Code   RO          307    .ARM.Collect$$libshutdown$$00000000  c_t.l(libshutdown.o)(c_t.l)
    0x000001d0   0x00000000   Code   RO          334    .ARM.Collect$$libshutdown$$00000003  c_t.l(libshutdown2.o)(c_t.l)
    0x000001d0   0x00000000   Code   RO          337    .ARM.Collect$$libshutdown$$00000006  c_t.l(libshutdown2.o)(c_t.l)
    0x000001d0   0x00000000   Code   RO          340    .ARM.Collect$$libshutdown$$00000009  c_t.l(libshutdown2.o)(c_t.l)
    0x000001d0   0x00000000   Code   RO          342    .ARM.Collect$$libshutdown$$0000000B  c_t.l(libshutdown2.o)(c_t.l)
    0x000001d0   0x00000000   Code   RO          345    .ARM.Collect$$libshutdown$$0000000E  c_t.l(libshutdown2.o)(c_t.l)
    0x000001d0   0x00000006   Code   RO          346    .ARM.Collect$$libshutdown$$0000000F  c_t.l(libshutdown2.o)(c_t.l)
    0x000001d6   0x00000002   PAD
    0x000001d8   0x00000000   Code   RO          172    .ARM.Collect$$rtentry$$00000000  c_t.l(rtentry.o)(c_t.l)
    0x000001d8   0x00000000   Code   RO          184    .ARM.Collect$$rtentry$$00000002  c_t.l(rtentry2.o)(c_t.l)
    0x000001d8   0x00000008   Code   RO          199    .ARM.Collect$$rtentry$$00000004  c_t.l(rtentry4.o)(c_t.l)
    0x000001e0   0x00000000   Code   RO          186    .ARM.Collect$$rtentry$$00000009  c_t.l(rtentry2.o)(c_t.l)
    0x000001e0   0x00000004   Code   RO          187    .ARM.Collect$$rtentry$$0000000A  c_t.l(rtentry2.o)(c_t.l)
    0x000001e4   0x00000000   Code   RO          189    .ARM.Collect$$rtentry$$0000000C  c_t.l(rtentry2.o)(c_t.l)
    0x000001e4   0x00000028   Code   RO          190    .ARM.Collect$$rtentry$$0000000D  c_t.l(rtentry2.o)(c_t.l)
    0x0000020c   0x00000004   Ven    RO          221    .ARM.Collect$$rtexit$$00000000  c_t.l(rtexit.o)(c_t.l)
    0x00000210   0x00000004   Code   RO          221    .ARM.Collect$$rtexit$$00000000  c_t.l(rtexit.o)(c_t.l)
    0x00000214   0x00000000   Code   RO          275    .ARM.Collect$$rtexit$$00000002  c_t.l(rtexit2.o)(c_t.l)
    0x00000214   0x00000004   Code   RO          276    .ARM.Collect$$rtexit$$00000003  c_t.l(rtexit2.o)(c_t.l)
    0x00000218   0x00000008   Code   RO          277    .ARM.Collect$$rtexit$$00000004  c_t.l(rtexit2.o)(c_t.l)
    0x00000220   0x00000020   Code   RO            4    .text               startup.o
    0x00000240   0x0000017c   Code   RO           57    .text               can.o
    0x000003bc   0x00000060   Code   RO           75    .text               delay.o
    0x0000041c   0x000001e8   Code   RO           87    .text               ds18b20.o
    0x00000604   0x000003ac   Code   RO           99    .text               lcd.o
    0x000009b0   0x000002c0   Code   RO          121    .text               main_node.o
    0x00000c70   0x00000180   Code   RO          142    .text               c_t.l(aeabi_sdiv.o)(c_t.l)
    0x00000df0   0x00000006   Code   RO          158    .text               c_t.l(heapauxi.o)(c_t.l)
    0x00000df6   0x00000002   PAD
    0x00000df8   0x00000060   Code   RO          203    .text               c_t.l(sys_stackheap_outer.o)(c_t.l)
    0x00000e58   0x0000000c   Code   RO          205    .text               c_t.l(exit.o)(c_t.l)
    0x00000e64   0x0000000c   Code   RO          218    .text               c_t.l(libspace.o)(c_t.l)
    0x00000e70   0x00000008   Ven    RO          272    .text               c_t.l(sys_exit.o)(c_t.l)
    0x00000e78   0x0000000c   Code   RO          272    .text               c_t.l(sys_exit.o)(c_t.l)
    0x00000e84   0x00000010   Code   RO          285    .text               c_t.l(rt_fp_status_addr_intlibspace.o)(c_t.l)
    0x00000e94   0x00000004   Code   RO          297    .text               c_t.l(use_no_semi.o)(c_t.l)
    0x00000e98   0x00000024   Code   RO          143    .text_udiv          c_t.l(aeabi_sdiv.o)(c_t.l)
    0x00000ebc   0x00000004   Ven    RO          270    x$fpl$fpinit        fz_ts.l(fpinit.o)(fz_ts.l)
    0x00000ec0   0x00000018   Code   RO          270    x$fpl$fpinit        fz_ts.l(fpinit.o)(fz_ts.l)
    0x00000ed8   0x00000028   Data   RO          100    .constdata          lcd.o
    0x00000f00   0x00000020   Data   RO          347    Region$$Table       anon$$obj.o


    Execution Region RW_IRAM1 (Base: 0x40000000, Size: 0x00000510, Max: 0x00004000, ABSOLUTE)

    Base Addr    Size         Type   Attr      Idx    E Section Name        Object

    0x40000000   0x00000001   Data   RW          123    .data               main_node.o
    0x40000001   0x00000003   PAD
    0x40000004   0x00000020   Zero   RW          122    .bss                main_node.o
    0x40000024   0x00000060   Zero   RW          219    .bss                c_t.l(libspace.o)(c_t.l)
    0x40000084   0x00000004   PAD
    0x40000088   0x00000000   Zero   RW            2    HEAP                startup.o
    0x40000088   0x00000488   Zero   RW            1    STACK               startup.o


==============================================================================

Image component sizes


      Code (inc. data)   RO Data    RW Data    ZI Data      Debug   Object Name

       380         12          0          0          0          0   can.o
        96          0          0          0          0          0   delay.o
       488          8          0          0          0          0   ds18b20.o
       940         24         40          0          0          0   lcd.o
       704         76          0          1         32          0   main_node.o
         0          0          0          0          0          0   pin_connect_block.o
       304         60          0          0       1160          0   startup.o

    ----------------------------------------------------------------------
      2912        180         72          4       1192          0   Object Totals
         0          0         32          0          0          0   (incl. Generated)
         0          0          0          3          0          3   (incl. Padding)

    ----------------------------------------------------------------------

      Code (inc. data)   RO Data    RW Data    ZI Data      Debug   Library Member Name

         8          0          0          0          0          0   __main.o
        60          8          0          0          0          0   __scatter.o
        40          0          0          0          0          0   __scatter_copy.o
        44          0          0          0          0          0   __scatter_zi.o
       420          0          0          0          0          0   aeabi_sdiv.o
        12          0          0          0          0          0   exit.o
         6          0          0          0          0          0   heapauxi.o
        14          0          0          0          0          0   libinit.o
        12          0          0          0          0          0   libinit2.o
        12          0          0          0          0          0   libshutdown.o
         6          0          0          0          0          0   libshutdown2.o
        12          4          0          0         96          0   libspace.o
        16          4          0          0          0          0   rt_fp_status_addr_intlibspace.o
         0          0          0          0          0          0   rtentry.o
        44          4          0          0          0          0   rtentry2.o
         8          0          0          0          0          0   rtentry4.o
         8          0          0          0          0          0   rtexit.o
        12          0          0          0          0          0   rtexit2.o
        20          4          0          0          0          0   sys_exit.o
        96          0          0          0          0          0   sys_stackheap_outer.o
         4          0          0          0          0          0   use_no_semi.o
        28          0          0          0          0          0   fpinit.o

    ----------------------------------------------------------------------
       888         24          0          0        100          0   Library Totals
         6          0          0          0          4          0   (incl. Padding)

    ----------------------------------------------------------------------

      Code (inc. data)   RO Data    RW Data    ZI Data      Debug   Library Name

       854         24          0          0         96        756   c_t.l
        28          0          0          0          0         80   fz_ts.l

    ----------------------------------------------------------------------
       888         24          0          0        100          0   Library Totals

    ----------------------------------------------------------------------

==============================================================================


      Code (inc. data)   RO Data    RW Data    ZI Data      Debug   

      3800        204         72          4       1292      10668   Grand Totals
      3800        204         72          4       1292      10668   ELF Image Totals
      3800        204         72          4          0          0   ROM Totals

==============================================================================

    Total RO  Size (Code + RO Data)                 3872 (   3.78kB)
    Total RW  Size (RW Data + ZI Data)              1296 (   1.27kB)
    Total ROM Size (Code + RO Data + RW Data)       3876 (   3.79kB)

==============================================================================

