<html>
<body>
<pre>
<h1>µVision Build Log</h1>
<h2>Project:</h2>
E:\v24he11a13\majorproject\FuelNode.uvproj
Project File Date:  01/07/2026

<h2>Output:</h2>
Build target 'Target 1'
compiling fuelnode.c...
compiling delay.c...
compiling can.c...
compiling adc.c...
compiling pinconnect_block.c...
linking...
FuelNode.axf: Error: L6218E: Undefined symbol CmdLCD (referred from fuelnode.o).
FuelNode.axf: Error: L6218E: Undefined symbol Init_LCD (referred from fuelnode.o).
FuelNode.axf: Error: L6218E: Undefined symbol U32LCD (referred from fuelnode.o).
FuelNode.axf: Not enough information to list image symbols.
FuelNode.axf: Finished: 1 information, 0 warning and 3 error messages.
Target not created
Build target 'Target 1'
compiling fuelnode.c...
linking...
FuelNode.axf: Error: L6218E: Undefined symbol Init_LCD (referred from fuelnode.o).
FuelNode.axf: Not enough information to list image symbols.
FuelNode.axf: Finished: 1 information, 0 warning and 1 error messages.
Target not created
Build target 'Target 1'
compiling fuelnode.c...
linking...
Program Size: Code=4724 RO-data=32 RW-data=8 ZI-data=1272  
FromELF: creating hex file...
"FuelNode.axf" - 0 Error(s), 0 Warning(s).
Build target 'Target 1'
compiling fuelnode.c...
compiling adc.c...
adc.c(10): error:  #20: identifier "PkkkkiiINFUN2" is undefined
adc.c:          CfgPortPinFunc(0,27,PkkkkiiINFUN2); //CONFIGURE P0.27 FOR  ADC FUNC
adc.c:                              ^
adc.c: adc.c: 0 warnings, 1 error
compiling lcd.c...
Target not created
Build target 'Target 1'
assembling Startup.s...
compiling fuelnode.c...
compiling delay.c...
compiling can.c...
compiling adc.c...
adc.c(10): error:  #20: identifier "PkkkkiiINFUN2" is undefined
adc.c:          CfgPortPinFunc(0,27,PkkkkiiINFUN2); //CONFIGURE P0.27 FOR  ADC FUNC
adc.c:                              ^
adc.c: adc.c: 0 warnings, 1 error
compiling pinconnect_block.c...
compiling lcd.c...
Target not created
Build target 'Target 1'
compiling adc.c...
linking...
Program Size: Code=7024 RO-data=32 RW-data=8 ZI-data=1272  
FromELF: creating hex file...
"FuelNode.axf" - 0 Error(s), 0 Warning(s).
Build target 'Target 1'
assembling Startup.s...
compiling fuelnode.c...
fuelnode.c(23): error:  #20: identifier "ar" is undefined
fuelnode.c:     fuelval=ar;
fuelnode.c:             ^
fuelnode.c: fuelnode.c: 0 warnings, 1 error
compiling delay.c...
compiling can.c...
compiling adc.c...
compiling pinconnect_block.c...
compiling lcd.c...
Target not created
Build target 'Target 1'
assembling Startup.s...
compiling fuelnode.c...
compiling delay.c...
compiling can.c...
compiling adc.c...
compiling pinconnect_block.c...
compiling lcd.c...
linking...
Program Size: Code=5184 RO-data=32 RW-data=8 ZI-data=1272  
FromELF: creating hex file...
"FuelNode.axf" - 0 Error(s), 0 Warning(s).
Build target 'Target 1'
compiling fuelnode.c...
linking...
Program Size: Code=7032 RO-data=32 RW-data=8 ZI-data=1272  
FromELF: creating hex file...
"FuelNode.axf" - 0 Error(s), 0 Warning(s).
Build target 'Target 1'
compiling fuelnode.c...
linking...
Program Size: Code=7032 RO-data=32 RW-data=8 ZI-data=1272  
FromELF: creating hex file...
"FuelNode.axf" - 0 Error(s), 0 Warning(s).
Build target 'Target 1'
assembling Startup.s...
compiling fuelnode.c...
compiling delay.c...
compiling can.c...
compiling adc.c...
compiling pinconnect_block.c...
compiling lcd.c...
linking...
Program Size: Code=7008 RO-data=32 RW-data=8 ZI-data=1272  
FromELF: creating hex file...
"FuelNode.axf" - 0 Error(s), 0 Warning(s).
Build target 'Target 1'
assembling Startup.s...
compiling fuelnode.c...
compiling delay.c...
compiling can.c...
compiling adc.c...
compiling pinconnect_block.c...
compiling lcd.c...
linking...
Program Size: Code=7032 RO-data=32 RW-data=8 ZI-data=1272  
FromELF: creating hex file...
"FuelNode.axf" - 0 Error(s), 0 Warning(s).
