<html>
<body>
<pre>
<h1>µVision Build Log</h1>
<h2>Project:</h2>
E:\v24he11a13\majorproject\indicator.uvproj
Project File Date:  01/07/2026

<h2>Output:</h2>
Build target 'Target 1'
assembling Startup.s...
compiling indicatornode.c...
compiling indicator.c...
compiling can.c...
compiling delay.c...
linking...
Program Size: Code=1720 RO-data=32 RW-data=4 ZI-data=1260  
FromELF: creating hex file...
"indicator_node.axf" - 0 Error(s), 0 Warning(s).
Build target 'Target 1'
linking...
Program Size: Code=1720 RO-data=32 RW-data=4 ZI-data=1260  
FromELF: creating hex file...
"indicator_node.axf" - 0 Error(s), 0 Warning(s).
