<html>
<body>
<pre>
<h1>µVision Build Log</h1>
<h2>Project:</h2>
C:\Users\Ajay Kumar\Desktop\majorproject\indicator.uvproj
Project File Date:  01/07/2026

<h2>Output:</h2>
Build target 'Target 1'
linking...
Program Size: Code=1668 RO-data=32 RW-data=4 ZI-data=1260  
FromELF: creating hex file...
".\indicator_node.axf" - 0 Error(s), 0 Warning(s).
</pre>
</body>
</html>
l l (referred from indicator.o).
.\indicator.axf: Error: L6218E: Undefined symbol r (referred from indicator.o).
Not enough information to list image symbols.
Finished: 1 information, 0 warning and 2 error messages.
".\indicator.axf" - 2 Error(s), 0 Warning(s).
Target not created
