<html>
<body>
<pre>
<h1>µVision Build Log</h1>
<h2>Project:</h2>
E:\v24he11a13\majorproject\project1.uvproj
Project File Date:  01/07/2026

<h2>Output:</h2>
Build target 'Target 1'
assembling Startup.s...
compiling interrupt.c...
compiling mainnode.c...
compiling pinconnect_block.c...
compiling can.c...
compiling lcd.c...
compiling delay.c...
compiling DS18B20.c...
linking...
Program Size: Code=5680 RO-data=32 RW-data=68 ZI-data=1292  
FromELF: creating hex file...
"main_node.axf" - 0 Error(s), 0 Warning(s).
