<html>
<body>
<pre>
<h1>µVision Build Log</h1>
<h2>Project:</h2>
C:\Users\Ajay Kumar\Desktop\majorproject\project1.uvproj
Project File Date:  01/07/2026

<h2>Output:</h2>
Build target 'Target 1'
compiling DS18B20.c...
linking...
Program Size: Code=5600 RO-data=32 RW-data=68 ZI-data=1292  
FromELF: creating hex file...
".\main_node.axf" - 0 Error(s), 0 Warning(s).
</pre>
</body>
</html>
s set but never used
      unsigned char lsb, msb;
DS18B20.c: 2 warnings, 0 errors
linking...
Program Size: Code=5600 RO-data=32 RW-data=68 ZI-data=1292  
FromELF: creating hex file...
".\main_node.axf" - 0 Error(s), 2 Warning(s).
as declared but never referenced
  static inline void DQ_OUT(void) { IODIR0 |=  DQ_MASK; }
DS18B20.c: 3 warnings, 1 error
".\main_node.axf" - 1 Error(s), 3 Warning(s).
Target not created
