<html>
<body>
<pre>
<h1>µVision Build Log</h1>
<h2>Project:</h2>
E:\v24he11d5\arm_he11d5\majorproject\project1.uvproj
Project File Date:  12/09/2025

<h2>Output:</h2>
Build target 'Target 1'
assembling Startup.s...
compiling interrupt.c...
compiling mainnode.c...
compiling pinconnect_block.c...
compiling can.c...
compiling lcd.c...
compiling delay.c...
compiling DS18B20.c...
linking...
Program Size: Code=4920 RO-data=32 RW-data=68 ZI-data=1292  
FromELF: creating hex file...
"project1.axf" - 0 Error(s), 0 Warning(s).
Build target 'Target 1'
assembling Startup.s...
compiling interrupt.c...
compiling mainnode.c...
compiling pinconnect_block.c...
compiling can.c...
compiling lcd.c...
compiling delay.c...
compiling DS18B20.c...
linking...
Program Size: Code=4544 RO-data=32 RW-data=68 ZI-data=1292  
FromELF: creating hex file...
"project1.axf" - 0 Error(s), 0 Warning(s).
Build target 'Target 1'
assembling Startup.s...
compiling interrupt.c...
compiling mainnode.c...
compiling pinconnect_block.c...
compiling can.c...
compiling lcd.c...
compiling delay.c...
compiling DS18B20.c...
linking...
Program Size: Code=5416 RO-data=32 RW-data=68 ZI-data=1292  
FromELF: creating hex file...
"project1.axf" - 0 Error(s), 0 Warning(s).
Build target 'Target 1'
assembling Startup.s...
compiling interrupt.c...
compiling mainnode.c...
compiling pinconnect_block.c...
compiling can.c...
compiling lcd.c...
compiling delay.c...
compiling DS18B20.c...
linking...
Program Size: Code=5408 RO-data=32 RW-data=68 ZI-data=1292  
FromELF: creating hex file...
"project1.axf" - 0 Error(s), 0 Warning(s).
Build target 'Target 1'
assembling Startup.s...
compiling interrupt.c...
compiling mainnode.c...
compiling pinconnect_block.c...
compiling can.c...
compiling lcd.c...
compiling delay.c...
compiling DS18B20.c...
linking...
Program Size: Code=5404 RO-data=32 RW-data=68 ZI-data=1292  
FromELF: creating hex file...
"project1.axf" - 0 Error(s), 0 Warning(s).
Build target 'Target 1'
assembling Startup.s...
compiling interrupt.c...
compiling mainnode.c...
compiling pinconnect_block.c...
compiling can.c...
compiling lcd.c...
compiling delay.c...
compiling DS18B20.c...
linking...
Program Size: Code=5400 RO-data=32 RW-data=68 ZI-data=1292  
FromELF: creating hex file...
"project1.axf" - 0 Error(s), 0 Warning(s).
Build target 'Target 1'
assembling Startup.s...
compiling interrupt.c...
compiling mainnode.c...
compiling pinconnect_block.c...
compiling can.c...
compiling lcd.c...
compiling delay.c...
compiling DS18B20.c...
linking...
Program Size: Code=5760 RO-data=32 RW-data=68 ZI-data=1292  
FromELF: creating hex file...
"project1.axf" - 0 Error(s), 0 Warning(s).
Build target 'Target 1'
assembling Startup.s...
compiling interrupt.c...
compiling mainnode.c...
compiling pinconnect_block.c...
compiling can.c...
compiling lcd.c...
compiling delay.c...
compiling DS18B20.c...
linking...
Program Size: Code=5384 RO-data=32 RW-data=68 ZI-data=1292  
FromELF: creating hex file...
"project1.axf" - 0 Error(s), 0 Warning(s).
Build target 'Target 1'
assembling Startup.s...
compiling interrupt.c...
compiling mainnode.c...
compiling pinconnect_block.c...
compiling can.c...
compiling lcd.c...
compiling delay.c...
compiling DS18B20.c...
linking...
Program Size: Code=5760 RO-data=32 RW-data=68 ZI-data=1292  
FromELF: creating hex file...
"project1.axf" - 0 Error(s), 0 Warning(s).
Build target 'Target 1'
assembling Startup.s...
compiling interrupt.c...
compiling mainnode.c...
compiling pinconnect_block.c...
compiling can.c...
compiling lcd.c...
compiling delay.c...
compiling DS18B20.c...
linking...
Program Size: Code=5384 RO-data=32 RW-data=68 ZI-data=1292  
FromELF: creating hex file...
"project1.axf" - 0 Error(s), 0 Warning(s).
