<html>
<body>
<pre>
<h1>µVision Build Log</h1>
<h2>Project:</h2>
C:\Users\Ajay Kumar\Desktop\majorproject\project1.uvproj
Project File Date:  01/07/2026

<h2>Output:</h2>
Build target 'Target 1'
compiling interrupt.c...
linking...
Program Size: Code=5840 RO-data=32 RW-data=68 ZI-data=1292  
FromELF: creating hex file...
".\main_node.axf" - 0 Error(s), 0 Warning(s).
Error(s), 0 Warning(s).
..
Program Size: Code=5296 RO-data=32 RW-data=68 ZI-data=1292  
FromELF: creating hex file...
".\project1.axf" - 0 Error(s), 0 Warning(s).
